test_agent_mismatch_rejected (test_agy.AgyRunnerTests.test_agent_mismatch_rejected) ... ok

----------------------------------------------------------------------
Ran 1 test in 6.718s

OK
test_always_proceed_mode_rejected (test_agy.AgyRunnerTests.test_always_proceed_mode_rejected) ... ok

----------------------------------------------------------------------
Ran 1 test in 8.420s

OK
test_argv_and_source_are_recorded_privately (test_agy.AgyRunnerTests.test_argv_and_source_are_recorded_privately) ... ok

----------------------------------------------------------------------
Ran 1 test in 6.266s

OK
test_auth_error_records_failure (test_agy.AgyRunnerTests.test_auth_error_records_failure) ... ok

----------------------------------------------------------------------
Ran 1 test in 6.469s

OK
test_boolean_usage_is_unknown_not_one (test_agy.AgyRunnerTests.test_boolean_usage_is_unknown_not_one) ... ok

----------------------------------------------------------------------
Ran 1 test in 6.467s

OK
test_check_no_model_run_or_export (test_agy.AgyRunnerTests.test_check_no_model_run_or_export) ... ok

----------------------------------------------------------------------
Ran 1 test in 4.213s

OK
test_concurrent_original_change_rejected (test_agy.AgyRunnerTests.test_concurrent_original_change_rejected) ... ok

----------------------------------------------------------------------
Ran 1 test in 6.446s

OK
test_cumulative_usage_not_double_counted (test_agy.AgyRunnerTests.test_cumulative_usage_not_double_counted) ... ok

----------------------------------------------------------------------
Ran 1 test in 7.698s

OK
test_deep_requires_previous_attempt (test_agy.AgyRunnerTests.test_deep_requires_previous_attempt) ... ok

----------------------------------------------------------------------
Ran 1 test in 5.327s

OK
test_deep_same_flash_family_high (test_agy.AgyRunnerTests.test_deep_same_flash_family_high) ... ok

----------------------------------------------------------------------
Ran 1 test in 12.744s

OK
test_duplicate_result_not_double_counted (test_agy.AgyRunnerTests.test_duplicate_result_not_double_counted) ... ok

----------------------------------------------------------------------
Ran 1 test in 5.995s

OK
test_environment_blocked_can_be_valid_handoff (test_agy.AgyRunnerTests.test_environment_blocked_can_be_valid_handoff) ... ok

----------------------------------------------------------------------
Ran 1 test in 7.324s

OK
test_failure_usage_still_counts (test_agy.AgyRunnerTests.test_failure_usage_still_counts) ... ok

----------------------------------------------------------------------
Ran 1 test in 6.968s

OK
test_hallucinated_path_rejected (test_agy.AgyRunnerTests.test_hallucinated_path_rejected) ... ok

----------------------------------------------------------------------
Ran 1 test in 6.833s

OK
test_invalid_json_not_retried (test_agy.AgyRunnerTests.test_invalid_json_not_retried) ... ok

----------------------------------------------------------------------
Ran 1 test in 6.143s

OK
test_localize_validated_and_no_codex (test_agy.AgyRunnerTests.test_localize_validated_and_no_codex) ... ok

----------------------------------------------------------------------
Ran 1 test in 7.461s

OK
test_mcp_tool_exposure_rejected (test_agy.AgyRunnerTests.test_mcp_tool_exposure_rejected) ... ok

----------------------------------------------------------------------
Ran 1 test in 6.992s

OK
test_missing_schema_output_not_recovered_from_text (test_agy.AgyRunnerTests.test_missing_schema_output_not_recovered_from_text) ... ok

----------------------------------------------------------------------
Ran 1 test in 6.472s

OK
test_model_generated_hash_not_accepted (test_agy.AgyRunnerTests.test_model_generated_hash_not_accepted) ... ok

----------------------------------------------------------------------
Ran 1 test in 5.074s

OK
test_model_mismatch_rejected (test_agy.AgyRunnerTests.test_model_mismatch_rejected) ... ok

----------------------------------------------------------------------
Ran 1 test in 6.540s

OK
test_nested_delegation_rejected (test_agy.AgyRunnerTests.test_nested_delegation_rejected) ... ok

----------------------------------------------------------------------
Ran 1 test in 6.586s

OK
test_no_implicit_codex_fallback_when_agy_missing (test_agy.AgyRunnerTests.test_no_implicit_codex_fallback_when_agy_missing) ... ok

----------------------------------------------------------------------
Ran 1 test in 1.686s

OK
test_no_init_no_validated_answer (test_agy.AgyRunnerTests.test_no_init_no_validated_answer) ... ok

----------------------------------------------------------------------
Ran 1 test in 7.000s

OK
test_no_multi_turn_resume (test_agy.AgyRunnerTests.test_no_multi_turn_resume) ... ok

----------------------------------------------------------------------
Ran 1 test in 6.743s

OK
test_not_found_is_scoped (test_agy.AgyRunnerTests.test_not_found_is_scoped) ... ok

----------------------------------------------------------------------
Ran 1 test in 8.258s

OK
test_observed_tool_cap_stops_run (test_agy.AgyRunnerTests.test_observed_tool_cap_stops_run) ... ok

----------------------------------------------------------------------
Ran 1 test in 5.867s

OK
test_out_of_bounds_range_rejected (test_agy.AgyRunnerTests.test_out_of_bounds_range_rejected) ... ok

----------------------------------------------------------------------
Ran 1 test in 6.269s

OK
test_partial_is_accepted_not_retried (test_agy.AgyRunnerTests.test_partial_is_accepted_not_retried) ... ok

----------------------------------------------------------------------
Ran 1 test in 6.045s

OK
test_reader_cannot_cite_unprovided_file (test_agy.AgyRunnerTests.test_reader_cannot_cite_unprovided_file) ... ok

----------------------------------------------------------------------
Ran 1 test in 7.305s

OK
test_reader_source_not_in_parent_stdout_or_argv (test_agy.AgyRunnerTests.test_reader_source_not_in_parent_stdout_or_argv) ... ok

----------------------------------------------------------------------
Ran 1 test in 7.066s

OK
test_snapshot_modification_rejected_original_unchanged (test_agy.AgyRunnerTests.test_snapshot_modification_rejected_original_unchanged) ... ok

----------------------------------------------------------------------
Ran 1 test in 6.803s

OK
test_timeout_unknown_and_nonzero (test_agy.AgyRunnerTests.test_timeout_unknown_and_nonzero) ... ok

----------------------------------------------------------------------
Ran 1 test in 5.855s

OK
test_two_calls_exhaust_budget (test_agy.AgyRunnerTests.test_two_calls_exhaust_budget) ... ok

----------------------------------------------------------------------
Ran 1 test in 14.627s

OK
test_uncited_reader_input_modification_rejected (test_agy.AgyRunnerTests.test_uncited_reader_input_modification_rejected) ... ok

----------------------------------------------------------------------
Ran 1 test in 7.349s

OK
test_unexpected_shell_step_rejected (test_agy.AgyRunnerTests.test_unexpected_shell_step_rejected) ... ok

----------------------------------------------------------------------
Ran 1 test in 5.778s

OK
test_unknown_usage_blocks_second_invocation (test_agy.AgyRunnerTests.test_unknown_usage_blocks_second_invocation) ... ok

----------------------------------------------------------------------
Ran 1 test in 8.493s

OK
test_usage_keeps_provider_cache_semantics (test_agy.AgyRunnerTests.test_usage_keeps_provider_cache_semantics) ... ok

----------------------------------------------------------------------
Ran 1 test in 5.819s

OK
test_write_tool_exposure_rejected (test_agy.AgyRunnerTests.test_write_tool_exposure_rejected) ... ok

----------------------------------------------------------------------
Ran 1 test in 5.735s

OK
test_binary_and_invalid_utf8_recorded_as_skipped (test_agy.SnapshotTests.test_binary_and_invalid_utf8_recorded_as_skipped) ... ok
test_byte_cap_not_silent_truncation (test_agy.SnapshotTests.test_byte_cap_not_silent_truncation) ... ok
test_case_variant_agent_directory_excluded (test_agy.SnapshotTests.test_case_variant_agent_directory_excluded) ... ok
test_credentials_rejected_for_reader (test_agy.SnapshotTests.test_credentials_rejected_for_reader) ... ok
test_file_cap_not_silent_truncation (test_agy.SnapshotTests.test_file_cap_not_silent_truncation) ... ok
test_gitignore_respected_for_untracked (test_agy.SnapshotTests.test_gitignore_respected_for_untracked) ... ok
test_invalid_scope_refused (test_agy.SnapshotTests.test_invalid_scope_refused) ... ok
test_negative_finding_invalidated_by_uncited_file_change (test_agy.SnapshotTests.test_negative_finding_invalidated_by_uncited_file_change) ... ok
test_project_agent_config_not_exported (test_agy.SnapshotTests.test_project_agent_config_not_exported) ... ok
test_reader_scope_cannot_silently_skip_inputs (test_agy.SnapshotTests.test_reader_scope_cannot_silently_skip_inputs) ... ok
test_scope_is_literal_not_git_pathspec (test_agy.SnapshotTests.test_scope_is_literal_not_git_pathspec) ... ok
test_snapshot_change_detected (test_agy.SnapshotTests.test_snapshot_change_detected) ... ok
test_symlink_not_exported (test_agy.SnapshotTests.test_symlink_not_exported) ... ok
test_untracked_explicitly_included (test_agy.SnapshotTests.test_untracked_explicitly_included) ... ok
test_untracked_opt_in (test_agy.SnapshotTests.test_untracked_opt_in) ... ok
test_uses_uncommitted_worktree_bytes (test_agy.SnapshotTests.test_uses_uncommitted_worktree_bytes) ... ok
test_admin_permission_tool_allowed_not_shell (test_agy.TransportTests.test_admin_permission_tool_allowed_not_shell) ... ok
test_boolean_num_turns_rejected (test_agy.TransportTests.test_boolean_num_turns_rejected) ... ok
test_duplicate_json_key_rejected (test_agy.TransportTests.test_duplicate_json_key_rejected) ... ok
test_known_model_preflight_does_not_run_prompt (test_agy.TransportTests.test_known_model_preflight_does_not_run_prompt) ... ok
test_missing_read_tool_rejected (test_agy.TransportTests.test_missing_read_tool_rejected) ... ok
test_missing_tool_listing_rejected (test_agy.TransportTests.test_missing_tool_listing_rejected) ... ok
test_missing_usage_unknown (test_agy.TransportTests.test_missing_usage_unknown) ... ok
test_model_flag_has_no_fallback (test_agy.TransportTests.test_model_flag_has_no_fallback) ... ok
test_models_are_exact_not_substrings (test_agy.TransportTests.test_models_are_exact_not_substrings) ... ok
test_nan_rejected (test_agy.TransportTests.test_nan_rejected) ... ok
test_nonflash_configuration_refused (test_agy.TransportTests.test_nonflash_configuration_refused) ... ok
test_template_denies_capability_expansion (test_agy.TransportTests.test_template_denies_capability_expansion) ... ok
test_template_main_only (test_agy.TransportTests.test_template_main_only) ... ok
test_tool_started_done_counted_once (test_agy.TransportTests.test_tool_started_done_counted_once) ... ok
test_unknown_event_rejected (test_agy.TransportTests.test_unknown_event_rejected) ... ok
test_archive_id_traversal_refused (test_hooks.ArtifactTests.test_archive_id_traversal_refused) ... ok
test_corrupt_blob_rejected (test_hooks.ArtifactTests.test_corrupt_blob_rejected) ... ok
test_cross_repo_store_refused (test_hooks.ArtifactTests.test_cross_repo_store_refused) ... ok
test_duplicate_archive_deduplicates_storage_only (test_hooks.ArtifactTests.test_duplicate_archive_deduplicates_storage_only) ... ok
test_in_repo_store_refused (test_hooks.ArtifactTests.test_in_repo_store_refused) ... ok
test_oversized_single_line_refused (test_hooks.ArtifactTests.test_oversized_single_line_refused) ... ok
test_read_exact_lines (test_hooks.ArtifactTests.test_read_exact_lines) ... ok
test_search_returns_lines_not_entire_matched_lines (test_hooks.ArtifactTests.test_search_returns_lines_not_entire_matched_lines) ... ok
test_slice_can_recover_giant_line (test_hooks.ArtifactTests.test_slice_can_recover_giant_line) ... ok
test_slice_utf8_boundary_fails_explicitly (test_hooks.ArtifactTests.test_slice_utf8_boundary_fails_explicitly) ... ok
test_symlink_archive_refused (test_hooks.ArtifactTests.test_symlink_archive_refused) ... ok
test_symlink_state_refused (test_hooks.ArtifactTests.test_symlink_state_refused) ... ok
test_backup_contains_exact_original_bytes (test_hooks.ConfigTests.test_backup_contains_exact_original_bytes) ... ok
test_config_agents_untouched (test_hooks.ConfigTests.test_config_agents_untouched) ... ok
test_dry_run_does_not_write (test_hooks.ConfigTests.test_dry_run_does_not_write) ... ok
test_duplicate_json_refused (test_hooks.ConfigTests.test_duplicate_json_refused) ... ok
test_edited_owned_group_refused (test_hooks.ConfigTests.test_edited_owned_group_refused) ... ok
test_existing_backup_refused (test_hooks.ConfigTests.test_existing_backup_refused) ... ok
test_hooks_synchronous (test_hooks.ConfigTests.test_hooks_synchronous) ... ok
test_mode_switch_keeps_single_owned_handler (test_hooks.ConfigTests.test_mode_switch_keeps_single_owned_handler) ... ok
test_native_budget_opt_in_only (test_hooks.ConfigTests.test_native_budget_opt_in_only) ... ok
test_no_apply_without_backup (test_hooks.ConfigTests.test_no_apply_without_backup) ... ok
test_no_bypass_flag_in_commands (test_hooks.ConfigTests.test_no_bypass_flag_in_commands) ... ok
test_no_permissionrequest_or_stop_hook_registered (test_hooks.ConfigTests.test_no_permissionrequest_or_stop_hook_registered) ... ok
test_reinstall_idempotent (test_hooks.ConfigTests.test_reinstall_idempotent) ... ok
test_remove_just_owned_groups (test_hooks.ConfigTests.test_remove_just_owned_groups) ... ok
test_unknown_marker_refused (test_hooks.ConfigTests.test_unknown_marker_refused) ... ok
test_unrelated_hooks_preserved (test_hooks.ConfigTests.test_unrelated_hooks_preserved) ... ok
test_v2_read_guard_is_not_deleted (test_hooks.ConfigTests.test_v2_read_guard_is_not_deleted) ... ok
test_audit_restore_silent (test_hooks.HookTests.test_audit_restore_silent) ... ok
test_cli_malformed_warns_does_not_deny (test_hooks.HookTests.test_cli_malformed_warns_does_not_deny) ... ok
test_cli_noop_is_zero_and_silent (test_hooks.HookTests.test_cli_noop_is_zero_and_silent) ... ok
test_compact_restore_is_pointer_only (test_hooks.HookTests.test_compact_restore_is_pointer_only) ... ok
test_compact_uses_checkpoint_not_later_output (test_hooks.HookTests.test_compact_uses_checkpoint_not_later_output) ... ok
test_default_audit_does_not_change_result (test_hooks.HookTests.test_default_audit_does_not_change_result) ... ok
test_duplicate_keys_rejected (test_hooks.HookTests.test_duplicate_keys_rejected) ... ok
test_edits_are_not_replaced (test_hooks.HookTests.test_edits_are_not_replaced) ... ok
test_escape_heavy_preview_is_capped (test_hooks.HookTests.test_escape_heavy_preview_is_capped) ... ok
test_exact_source_reads_not_replaced (test_hooks.HookTests.test_exact_source_reads_not_replaced) ... ok
test_explicit_recovery_command_present (test_hooks.HookTests.test_explicit_recovery_command_present) ... ok
test_failure_status_is_not_changed_to_success (test_hooks.HookTests.test_failure_status_is_not_changed_to_success) ... ok
test_full_response_value_is_recoverable (test_hooks.HookTests.test_full_response_value_is_recoverable) ... ok
test_ledger_failure_after_archive_never_suppresses_result (test_hooks.HookTests.test_ledger_failure_after_archive_never_suppresses_result) ... ok
test_live_session_not_consumed (test_hooks.HookTests.test_live_session_not_consumed) ... ok
test_machine_formats_remain_untouched (test_hooks.HookTests.test_machine_formats_remain_untouched) ... ok
test_mcp_is_untouched (test_hooks.HookTests.test_mcp_is_untouched) ... ok
test_metadata_status_is_preserved (test_hooks.HookTests.test_metadata_status_is_preserved) ... ok
test_missing_call_id_no_spill (test_hooks.HookTests.test_missing_call_id_no_spill) ... ok
test_no_restore_for_unrelated_session (test_hooks.HookTests.test_no_restore_for_unrelated_session) ... ok
test_no_source_or_command_in_audit_ledger (test_hooks.HookTests.test_no_source_or_command_in_audit_ledger) ... ok
test_no_token_savings_are_fabricated (test_hooks.HookTests.test_no_token_savings_are_fabricated) ... ok
test_nonfinite_numbers_rejected (test_hooks.HookTests.test_nonfinite_numbers_rejected) ... ok
test_pipelines_remain_untouched (test_hooks.HookTests.test_pipelines_remain_untouched) ... ok
test_precompact_is_silent_and_does_not_block (test_hooks.HookTests.test_precompact_is_silent_and_does_not_block) ... ok
test_private_archive_permissions (test_hooks.HookTests.test_private_archive_permissions) ... ok
test_redirects_remain_untouched (test_hooks.HookTests.test_redirects_remain_untouched) ... ok
test_repeated_hook_call_does_not_double_count (test_hooks.HookTests.test_repeated_hook_call_does_not_double_count) ... ok
test_schema_unknown_is_not_destroyed (test_hooks.HookTests.test_schema_unknown_is_not_destroyed) ... ok
test_search_spills (test_hooks.HookTests.test_search_spills) ... ok
test_small_outputs_no_context_added (test_hooks.HookTests.test_small_outputs_no_context_added) ... ok
test_spill_uses_continue_false_not_block (test_hooks.HookTests.test_spill_uses_continue_false_not_block) ... ok
test_startup_does_not_inject_context (test_hooks.HookTests.test_startup_does_not_inject_context) ... ok
test_stop_does_not_force_retry (test_hooks.HookTests.test_stop_does_not_force_retry) ... ok
test_storage_failure_never_suppresses_result (test_hooks.HookTests.test_storage_failure_never_suppresses_result) ... ok
test_storage_full_preserves_original (test_hooks.HookTests.test_storage_full_preserves_original) ... ok
test_success_is_not_inferred_from_text (test_hooks.HookTests.test_success_is_not_inferred_from_text) ... ok
test_supported_tests_classified (test_hooks.HookTests.test_supported_tests_classified) ... ok
test_unknown_commands_remain_untouched (test_hooks.HookTests.test_unknown_commands_remain_untouched) ... ok
test_utf8_preview_contains_only_original_substrings (test_hooks.HookTests.test_utf8_preview_contains_only_original_substrings) ... ok
test_wrong_session_no_spill (test_hooks.HookTests.test_wrong_session_no_spill) ... ok
test_all_roles_count_when_explicitly_enabled (test_hooks.NativeAdmissionTests.test_all_roles_count_when_explicitly_enabled) ... ok
test_audit_does_not_deny (test_hooks.NativeAdmissionTests.test_audit_does_not_deny) ... ok
test_budget_disabled_by_default (test_hooks.NativeAdmissionTests.test_budget_disabled_by_default) ... ok
test_first_calls_never_grant_permissions (test_hooks.NativeAdmissionTests.test_first_calls_never_grant_permissions) ... ok
test_missing_state_blocks_only_spawn (test_hooks.NativeAdmissionTests.test_missing_state_blocks_only_spawn) ... ok
test_mutated_same_call_is_denied (test_hooks.NativeAdmissionTests.test_mutated_same_call_is_denied) ... ok
test_namespaced_alias (test_hooks.NativeAdmissionTests.test_namespaced_alias) ... ok
test_new_turn_has_separate_budget (test_hooks.NativeAdmissionTests.test_new_turn_has_separate_budget) ... ok
test_no_turn_id_fails_closed_when_enabled (test_hooks.NativeAdmissionTests.test_no_turn_id_fails_closed_when_enabled) ... ok
test_parallel_admissions_cannot_overspend_limit (test_hooks.NativeAdmissionTests.test_parallel_admissions_cannot_overspend_limit) ... ok
test_replayed_id_is_idempotent (test_hooks.NativeAdmissionTests.test_replayed_id_is_idempotent) ... ok
test_third_call_denied (test_hooks.NativeAdmissionTests.test_third_call_denied) ... ok
test_agy_agents_are_main_only_and_parent_disabled (test_kit.ConfigInstallerTests.test_agy_agents_are_main_only_and_parent_disabled) ... ok
test_create_only_install_preserves_existing_config (test_kit.ConfigInstallerTests.test_create_only_install_preserves_existing_config) ... ok
test_install_symlink_destination_rejected (test_kit.ConfigInstallerTests.test_install_symlink_destination_rejected) ... ok
test_skill_is_explicit_opt_in (test_kit.ConfigInstallerTests.test_skill_is_explicit_opt_in) ... ok
test_binary_excluded (test_kit.EvidenceTests.test_binary_excluded) ... ok
test_blocked_is_explicit (test_kit.EvidenceTests.test_blocked_is_explicit) ... ok
test_boolean_line_number (test_kit.EvidenceTests.test_boolean_line_number) ... ok
test_credentials_excluded (test_kit.EvidenceTests.test_credentials_excluded) ... ok
test_crlf_and_unicode_preserve_digest (test_kit.EvidenceTests.test_crlf_and_unicode_preserve_digest) ... ok
test_digest_not_invented_by_validator (test_kit.EvidenceTests.test_digest_not_invented_by_validator) ... ok
test_duplicate_json_key (test_kit.EvidenceTests.test_duplicate_json_key) ... ok
test_duplicate_location (test_kit.EvidenceTests.test_duplicate_location) ... ok
test_empty_ready_is_invalid (test_kit.EvidenceTests.test_empty_ready_is_invalid) ... ok
test_invalid_utf8_excluded (test_kit.EvidenceTests.test_invalid_utf8_excluded) ... ok
test_long_line_never_silently_truncated (test_kit.EvidenceTests.test_long_line_never_silently_truncated) ... ok
test_markdown_json_not_accepted (test_kit.EvidenceTests.test_markdown_json_not_accepted) ... ok
test_normal_json_roundtrip (test_kit.EvidenceTests.test_normal_json_roundtrip) ... ok
test_not_found_is_valid_without_fabricated_reference (test_kit.EvidenceTests.test_not_found_is_valid_without_fabricated_reference) ... ok
test_overlapping_locations (test_kit.EvidenceTests.test_overlapping_locations) ... ok
test_oversize_handoff (test_kit.EvidenceTests.test_oversize_handoff) ... ok
test_partial_and_missing_test (test_kit.EvidenceTests.test_partial_and_missing_test) ... ok
test_path_escape (test_kit.EvidenceTests.test_path_escape) ... ok
test_range_beyond_end (test_kit.EvidenceTests.test_range_beyond_end) ... ok
test_read_exact (test_kit.EvidenceTests.test_read_exact) ... ok
test_reversed_range (test_kit.EvidenceTests.test_reversed_range) ... ok
test_stale_after_inserted_lines (test_kit.EvidenceTests.test_stale_after_inserted_lines) ... ok
test_stale_same_head (test_kit.EvidenceTests.test_stale_same_head) ... ok
test_symlink_escape (test_kit.EvidenceTests.test_symlink_escape) ... ok
test_too_long_range (test_kit.EvidenceTests.test_too_long_range) ... ok
test_too_many_primaries (test_kit.EvidenceTests.test_too_many_primaries) ... ok
test_total_line_budget (test_kit.EvidenceTests.test_total_line_budget) ... ok
test_unicode_line_separator_is_not_newline (test_kit.EvidenceTests.test_unicode_line_separator_is_not_newline) ... ok
test_unknown_fields (test_kit.EvidenceTests.test_unknown_fields) ... ok
test_valid (test_kit.EvidenceTests.test_valid) ... ok
test_zero_line_number (test_kit.EvidenceTests.test_zero_line_number) ... ok
test_budget_not_created_in_repo (test_v2.BudgetTests.test_budget_not_created_in_repo) ... ok
test_cross_repo_state_refused (test_v2.BudgetTests.test_cross_repo_state_refused) ... ok
test_deep_after_low_allowed (test_v2.BudgetTests.test_deep_after_low_allowed) ... ok
test_deep_requires_prior_attempt (test_v2.BudgetTests.test_deep_requires_prior_attempt) ... ok
test_failed_attempt_still_counts (test_v2.BudgetTests.test_failed_attempt_still_counts) ... ok
test_finish_cannot_refund_or_repeat (test_v2.BudgetTests.test_finish_cannot_refund_or_repeat) ... ok
test_reservation_transaction_race (test_v2.BudgetTests.test_reservation_transaction_race) ... ok
test_second_concurrent_worker_rejected (test_v2.BudgetTests.test_second_concurrent_worker_rejected) ... ok
test_soft_limit_blocks_next_not_current (test_v2.BudgetTests.test_soft_limit_blocks_next_not_current) ... ok
test_usage_unknown_blocks_new_spending (test_v2.BudgetTests.test_usage_unknown_blocks_new_spending) ... ok
test_binary_preview_not_fabricated_unicode (test_v2.CaptureTests.test_binary_preview_not_fabricated_unicode) ... ok
test_existing_output_not_overwritten (test_v2.CaptureTests.test_existing_output_not_overwritten) ... ok
test_failure_code_and_raw_logs_preserved (test_v2.CaptureTests.test_failure_code_and_raw_logs_preserved) ... ok
test_missing_executable_reported (test_v2.CaptureTests.test_missing_executable_reported) ... ok
test_no_shell_interpretation (test_v2.CaptureTests.test_no_shell_interpretation) ... ok
test_serialized_preview_is_bounded (test_v2.CaptureTests.test_serialized_preview_is_bounded) ... ok
test_timeout_is_nonzero (test_v2.CaptureTests.test_timeout_is_nonzero) ... ok
test_audit_has_no_code_or_command (test_v2.ReadGuardTests.test_audit_has_no_code_or_command) ... ok
test_audit_never_blocks (test_v2.ReadGuardTests.test_audit_never_blocks) ... ok
test_bad_event_cli_fails_open (test_v2.ReadGuardTests.test_bad_event_cli_fails_open) ... ok
test_cat_multiple_aggregates_bytes (test_v2.ReadGuardTests.test_cat_multiple_aggregates_bytes) ... ok
test_deny_uses_documented_shape (test_v2.ReadGuardTests.test_deny_uses_documented_shape) ... ok
test_explicit_read_range_is_measured (test_v2.ReadGuardTests.test_explicit_read_range_is_measured) ... ok
test_guard_cli_roundtrip (test_v2.ReadGuardTests.test_guard_cli_roundtrip) ... ok
test_large_sed_denied (test_v2.ReadGuardTests.test_large_sed_denied) ... ok
test_pipeline_is_unknown_not_proven_safe (test_v2.ReadGuardTests.test_pipeline_is_unknown_not_proven_safe) ... ok
test_shell_expansion_is_unknown (test_v2.ReadGuardTests.test_shell_expansion_is_unknown) ... ok
test_single_long_line_denied_even_limit_one (test_v2.ReadGuardTests.test_single_long_line_denied_even_limit_one) ... ok
test_small_head_allowed (test_v2.ReadGuardTests.test_small_head_allowed) ... ok
test_small_read_no_explicit_permission_grant (test_v2.ReadGuardTests.test_small_read_no_explicit_permission_grant) ... ok
test_small_tail_allowed (test_v2.ReadGuardTests.test_small_tail_allowed) ... ok
test_targeted_sed_allowed (test_v2.ReadGuardTests.test_targeted_sed_allowed) ... ok
test_unknown_python_not_security_boundary (test_v2.ReadGuardTests.test_unknown_python_not_security_boundary) ... ok
test_duplicate_paths_rejected (test_v2.SourceGatewayTests.test_duplicate_paths_rejected) ... ok
test_edit_never_automatically_delegates (test_v2.SourceGatewayTests.test_edit_never_automatically_delegates) ... ok
test_invalid_offset (test_v2.SourceGatewayTests.test_invalid_offset) ... ok
test_literal_not_regex (test_v2.SourceGatewayTests.test_literal_not_regex) ... ok
test_pagination_complete_not_global (test_v2.SourceGatewayTests.test_pagination_complete_not_global) ... ok
test_pagination_stale (test_v2.SourceGatewayTests.test_pagination_stale) ... ok
test_reader_corpus_size_refuses_not_truncates (test_v2.SourceGatewayTests.test_reader_corpus_size_refuses_not_truncates) ... ok
test_reader_snapshot_original_hash_and_lines (test_v2.SourceGatewayTests.test_reader_snapshot_original_hash_and_lines) ... ok
test_scoped_literal_no_source_dump (test_v2.SourceGatewayTests.test_scoped_literal_no_source_dump) ... ok
test_single_giant_line_is_not_a_small_read (test_v2.SourceGatewayTests.test_single_giant_line_is_not_a_small_read) ... ok
test_symlink_alias_to_credentials_refused (test_v2.SourceGatewayTests.test_symlink_alias_to_credentials_refused) ... ok
test_zero_results_do_not_prove_global_absence (test_v2.SourceGatewayTests.test_zero_results_do_not_prove_global_absence) ... ok
test_backup_and_replace (test_v2.UpgradeTests.test_backup_and_replace) ... ok
test_dry_run_changes_nothing (test_v2.UpgradeTests.test_dry_run_changes_nothing) ... ok
test_local_edits_refuse_all_changes (test_v2.UpgradeTests.test_local_edits_refuse_all_changes) ... ok
test_rerun_updated_files_skips (test_v2.UpgradeTests.test_rerun_updated_files_skips) ... ok

----------------------------------------------------------------------
Ran 197 tests in 10.269s

OK

AGGREGATE: 235 tests, 0 failures/errors, 0 skipped, 56.77s
Real AGY/Codex/model calls: 0. AGY subprocesses are explicitly marked test doubles.
